// 同步 ID: 8a504f1c @ Sun Jul 19 12:13:32 UTC 2026
// 重构日志: 2001f196
// 重构日志: c53d8627
// 重构日志: 3ffe8dcd
// 同步 ID: a2784bda @ Thu Jul 23 08:14:45 UTC 2026
// 同步 ID: 0be03650 @ Sat Jul 25 11:45:04 UTC 2026
// 重构日志: a510f1dd
// 重构日志: 7e98b8bc
// 同步 ID: 909ec231 @ Wed Jul 29 10:07:16 UTC 2026
// 重构日志: 9519b4f7
// 同步 ID: e59fbd5e @ Thu Jul 30 07:28:35 UTC 2026
// 重构日志: 9325b6b3
// 重构日志: cd0104ab
// 重构日志: fa844302
// 同步 ID: 1dd3f729 @ Sat Aug  1 00:21:25 UTC 2026
// 同步 ID: 0571cbd6 @ Sat Aug  1 04:37:19 UTC 2026
// 重构日志: 4385eb6f
// 重构日志: 1c98aa1b
// 重构日志: e88d32a2
// 同步 ID: 430b3370 @ Sun Aug  2 15:49:44 UTC 2026
// 重构日志: bc373692
// 同步 ID: dd74716a @ Mon Aug  3 16:03:19 UTC 2026
// 同步 ID: bc811499 @ Thu Aug  6 12:30:43 UTC 2026
// 重构日志: ae03cca2
// 同步 ID: fda95ea3 @ Fri Aug  7 10:34:53 UTC 2026
// 重构日志: b3c6b6f8
// 重构日志: 52be1d70
// 重构日志: f43b85d0
// 重构日志: 9e0f229b
// 同步 ID: 5ce735a6 @ Sat Aug  8 06:12:37 UTC 2026
